C51 COMPILER V9.56.0.0   STEP_MOTOR_CONTROL                                                12/03/2017 02:28:51 PAGE 1   


C51 COMPILER V9.56.0.0, COMPILATION OF MODULE STEP_MOTOR_CONTROL
OBJECT MODULE PLACED IN .\Objects\step_motor_control.obj
COMPILER INVOKED BY: C:\Keil_v5\C51\BIN\C51.EXE step_motor_control.c OPTIMIZE(8,SPEED) BROWSE DEBUG OBJECTEXTEND PRINT(.
                    -\Listings\step_motor_control.lst) TABS(2) OBJECT(.\Objects\step_motor_control.obj)

line level    source

   1          #include "stc12c5a60s2.h"
   2          #include "intrins.h"
   3          #define uchar unsigned char
   4          #define uint unsigned int
   5          //void delay1ms(void);
   6          //void delay_nms(unsigned short int t);
   7          void init(void);
   8          uchar code turn[8] = {0x08,0x0c,0x04,0x06,0x02,0x03,0x01,0x09}; //45 degree per time
   9          
  10          
  11          uchar i = 0;
  12          bit turn_direction_flag = 1;   // 0 - backward ; 1 - forward;
  13          //bit start_stop_flag = 0; // 0 - stop;1 - start;
  14          int length = 0;
  15          int main()
  16          {
  17   1        init();
  18   1        while(1){
  19   2          if(length > 8000){
  20   3            TR0 = ~TR0;
  21   3            TR1 = ~TR1;
  22   3            
  23   3            turn_direction_flag = 0;
  24   3            length = 8000;
  25   3            
  26   3          }
  27   2          
  28   2          if(length < 0){
  29   3            TR0 = ~TR0;
  30   3            TR1 = ~TR1;
  31   3            
  32   3            turn_direction_flag = 1;
  33   3            length = 0;
  34   3            
  35   3          }
  36   2        }
  37   1      }
  38          
  39          void init(){
  40   1      
  41   1        TMOD = 0x11;
  42   1        TH0 = 0xfc;  //1ms
  43   1        TL0 = 0x18;
  44   1        
  45   1        EA = 1;
  46   1        ET0 = 1;
  47   1        ET1 = 1;
  48   1        EX0 = 1;
  49   1        EX1 = 1;
  50   1        
  51   1        IT0 = 1;
  52   1        IT1 = 1;
  53   1        
  54   1        TR0 = 0;
C51 COMPILER V9.56.0.0   STEP_MOTOR_CONTROL                                                12/03/2017 02:28:51 PAGE 2   

  55   1        TR1 = 0;
  56   1      }
  57          
  58          
  59          // forward ,backward
  60          void int0() interrupt 0
  61          {
  62   1        turn_direction_flag = ~turn_direction_flag;
  63   1      }
  64          
  65          //start , stop
  66          void int1() interrupt 2
  67          {
  68   1      
  69   1        TR0 = ~TR0;
  70   1        TR1 = ~TR1;
  71   1      }
  72          
  73          
  74          //moto turn func
  75          void timer0() interrupt 1
  76          {
  77   1        
  78   1        TH0 = 0xfc;  //1ms
  79   1        TL0 = 0x18;
  80   1      
  81   1        
  82   1        
  83   1        P2 = turn[i];
  84   1        
  85   1        if(turn_direction_flag == 1){
  86   2          i--;        //forward
  87   2          if(i == -1){
  88   3            i = 7;
  89   3          }
  90   2        }
  91   1        
  92   1        else{
  93   2          i++;        // backward
  94   2          if(i == 8){
  95   3            i = 0;
  96   3          }
  97   2        }
  98   1        
  99   1        
 100   1      
 101   1        
 102   1      
 103   1        
 104   1      }
 105          void timer1() interrupt 3
 106          {
 107   1        TH1 = 0xfc;
 108   1        TL1 = 0x18;
 109   1        
 110   1        if(turn_direction_flag == 1){
 111   2          length++;
 112   2        }
 113   1        else{
 114   2          length--;
 115   2        }
 116   1      }
C51 COMPILER V9.56.0.0   STEP_MOTOR_CONTROL                                                12/03/2017 02:28:51 PAGE 3   

 117          
 118          
 119          
 120          /*
 121          void delay1ms(void)   //?? -0.018084490741us
 122          {
 123              unsigned char a,b;
 124              for(b=21;b>0;b--)
 125                  for(a=130;a>0;a--);
 126              _nop_();  //if Keil,require use intrins.h
 127          }
 128          
 129          void delay_nms(unsigned short int t)
 130          {
 131            unsigned short int i;
 132            for(i=0;i<t;i++){
 133              delay1ms();
 134            }
 135          }
 136          
 137          */


MODULE INFORMATION:   STATIC OVERLAYABLE
   CODE SIZE        =    174    ----
   CONSTANT SIZE    =      8    ----
   XDATA SIZE       =   ----    ----
   PDATA SIZE       =   ----    ----
   DATA SIZE        =      3    ----
   IDATA SIZE       =   ----    ----
   BIT SIZE         =      1    ----
END OF MODULE INFORMATION.


C51 COMPILATION COMPLETE.  0 WARNING(S),  0 ERROR(S)
